# List of packages, current as of Ubuntu 17.04 Zesty Zapus
# Any line containing a '#' is a comment.

# System
  p7zip-full
  gparted
  openssh-server
  net-tools

# Desktop
  xmonad
  libghc-xmonad-contrib-dev
  suckless-tools
  xmobar
  hlint
  compton
  xautolock
  libnotify-bin
  lxappearance

# Console tools
  zsh
  guake
  neofetch
  moc
  ranger
  tree
  # expect provides unbuffer command for color with GNU/less.
  expect

# Text editing
  texlive-full
  vim-gtk3
  fonts-hack-otf
  pandoc
  ttf-mscorefonts-installer
  # Needed to compile YouCompleteMe
  python-dev
  libxml2-dev
  libxslt-dev

# Productivity, science and math
  apcalc
  enscript
  gnuplot
  wxmaxima
  octave
  octave-symbolic
  octave-control

# Audio/Video
  vlc
  ffmpeg

# Drawing, drafting, diagrams and art
  gimp-texturize
  inkscape
  krita
  gimp
  gimp-plugin-registry

# Python stuff
  python3-matplotlib
  python3-numpy
  python3-scipy
  python3-ipython
  python3-sympy
  python3-pip
  python3-pandas
  python3-pylint
  python-autopep8
  flake8
  yapf

# Compilers, Dev tools and building
  cmake
  build-essential
  clang-4.0
  clang-format-4.0
  g++-6

# Gnome
  gnome-shell-extension-caffeine
  gnome-shell-pomodoro
