# List of packages, current as of Ubuntu 17.04 Zesty Zapus
# Any line containing a '#' is a comment.

# System
  p7zip-full
  gparted
  openssh-server
  net-tools
  rename
  zathura
  xdotool

# Desktop
  xmonad
  stalonetray
  xcompmgr
  pcmanfm
  libghc-xmonad-contrib-dev
  suckless-tools
  xmobar
  hlint
  compton
  xautolock
  i3lock
  libnotify-bin
  lxappearance
  pnmixer
  rofi
  pavucontrol
  blueman
  dunst
  feh

# Console tools
  rxvt-unicode-256color
  zsh
  w3m-img
  guake
  neofetch
  ranger
  tree
  # expect provides unbuffer command for color with GNU/less.
    expect
  htop
  iftop
  figlet
  lolcat
  cowsay
  mpd
  # Don't forget to disable mpd in systemctl:
  #   sudo systemctl disable mpd
  #   sudo systemctl disable mpd.socket
  mpc
  ncmpcpp

# Text editing
  texlive-full
  vim-gtk3
  emacs25
  fonts-hack-otf
  pandoc
  ttf-mscorefonts-installer
  # Needed to compile YouCompleteMe
  python-dev
  libxml2-dev
  libxslt-dev

# Productivity, science and math
  apcalc
  enscript
  gnuplot-qt
  wxmaxima
  octave
  octave-symbolic
  octave-control

# Audio/Video
  vlc
  ffmpeg

# Drawing, drafting, diagrams and art
  gimp-texturize
  inkscape
  krita
  gimp
  gimp-plugin-registry

# Python stuff
  python3-matplotlib
  python3-numpy
  python3-scipy
  python3-ipython
  python3-sympy
  python3-pip
  python3-pandas
  python-autopep8
  flake8
  yapf
  python-testresources
  # For Kitty/harfbuzz terminal compilation
    libxrandr-dev
    libxi-dev
    libgl1-mesa-dev
    libxkbcommon-x11-dev
    # libgirepository1.0-dev
    libxcursor-dev
    libpng-dev
    libglfw3-dev
    uim-xim

# Compilers, Dev tools and building
  git
  cmake
  build-essential
  subversion
  haskell-platform
  cabal-install
  ghc-mod

# Programming dev libraries
  libboost-all-dev
  valgrind
  kcachegrind
  # For building sc-im
    bison
    libncurses-dev
    libncursesw5-dev
  libeigen3-dev

# Gnome
  gnome-shell-extension-caffeine
  gnome-shell-pomodoro

# Required later by Google-Chrome
  libappindicator1
  libindicator7

# Node stuff
  npm
