# List of packages, current as of Ubuntu 17.04 Zesty Zapus
# Any line containing a '#' is a comment.

# System and productivity
  p7zip-full
  ffmpeg
  gparted
  ttf-mscorefonts-installer
  openssh-server

# Desktop
  xmonad
  libghc-xmonad-contrib-dev
  suckless-tools
  xmobar
  hlint
  compton
  xautolock
  libnotify-bin
  vlc

# Console tools
  zsh
  guake
  neofetch
  moc
  ranger
  tree

# expect provides unbuffer command for color with GNU/less.
  expect

# Text editing
  texlive-full
  vim-gtk3
  fonts-hack-otf
  pandoc

# Productivity and science
  apcalc
  enscript
  gnuplot
  wxmaxima
  octave
  octave-symbolic
  octave-control

# Drawing, drafting, diagrams and art
  gimp-texturize
  inkscape
  krita
  gimp
  gimp-plugin-registry

# Python stuff
  python3-matplotlib
  python3-numpy
  python3-scipy
  python3-ipython
  python3-sympy
  python3-pip
  python3-pandas
  python3-pylint
  python-autopep8
  flake8
  yapf

# Compilers, Dev tools and building
  cmake
  build-essential
  clang-4.0
  clang-format-4.0
  g++-6

# Gnome
  gnome-shell-extension-caffeine
  gnome-shell-pomodoro
